// Jest Snapshot v1, https://goo.gl/fbAQLP

exports[`With Snapshot Testing Error shows "Welcome to next.js!" 1`] = `
<div>
  <h1 />
  <h4 />
</div>
`;
